// Jest Snapshot v1, https://goo.gl/fbAQLP

exports[`Тест компонента CartItem Рендер 1`] = `
Object {
  "asFragment": [Function],
  "baseElement": <body>
    <div>
      <div
        class="cart__item"
      >
        <div
          class="cart__item-img"
        >
          <img
            alt="Pizza"
            class="pizza-block__image"
            loading="lazy"
            src="https://media.dodostatic.net/image/r:584x584/11EE7D6130241E75B0AB33725248C0D0.avif"
          />
        </div>
        <div
          class="cart__item-info"
        >
          <h3>
            Пепперони Фреш с перцем
          </h3>
          <p>
            тонкое тесто, 26 см.
          </p>
        </div>
        <div
          class="cart__item-count"
        >
          <div
            class="button button--outline button--circle cart__item-count-minus"
            data-testid="remove"
          >
            <svg
              fill="none"
              height="10"
              viewBox="0 0 10 10"
              width="10"
              xmlns="http://www.w3.org/2000/svg"
            >
              <path
                d="M5.92001 3.84V5.76V8.64C5.92001 9.17016 5.49017 9.6 4.96001 9.6C4.42985 9.6 4.00001 9.17016 4.00001 8.64L4 5.76L4.00001 3.84V0.96C4.00001 0.42984 4.42985 0 4.96001 0C5.49017 0 5.92001 0.42984 5.92001 0.96V3.84Z"
                fill="#EB5A1E"
              />
              <path
                d="M5.75998 5.92001L3.83998 5.92001L0.959977 5.92001C0.429817 5.92001 -2.29533e-05 5.49017 -2.29301e-05 4.96001C-2.2907e-05 4.42985 0.429817 4.00001 0.959977 4.00001L3.83998 4L5.75998 4.00001L8.63998 4.00001C9.17014 4.00001 9.59998 4.42985 9.59998 4.96001C9.59998 5.49017 9.17014 5.92001 8.63998 5.92001L5.75998 5.92001Z"
                fill="#EB5A1E"
              />
            </svg>
          </div>
          <b>
            1
          </b>
          <div
            class="button button--outline button--circle cart__item-count-plus"
            data-testid="add"
          >
            <svg
              fill="none"
              height="10"
              viewBox="0 0 10 10"
              width="10"
              xmlns="http://www.w3.org/2000/svg"
            >
              <path
                d="M5.92001 3.84V5.76V8.64C5.92001 9.17016 5.49017 9.6 4.96001 9.6C4.42985 9.6 4.00001 9.17016 4.00001 8.64L4 5.76L4.00001 3.84V0.96C4.00001 0.42984 4.42985 0 4.96001 0C5.49017 0 5.92001 0.42984 5.92001 0.96V3.84Z"
                fill="#EB5A1E"
              />
              <path
                d="M5.75998 5.92001L3.83998 5.92001L0.959977 5.92001C0.429817 5.92001 -2.29533e-05 5.49017 -2.29301e-05 4.96001C-2.2907e-05 4.42985 0.429817 4.00001 0.959977 4.00001L3.83998 4L5.75998 4.00001L8.63998 4.00001C9.17014 4.00001 9.59998 4.42985 9.59998 4.96001C9.59998 5.49017 9.17014 5.92001 8.63998 5.92001L5.75998 5.92001Z"
                fill="#EB5A1E"
              />
            </svg>
          </div>
        </div>
        <div
          class="cart__item-price"
        >
          <b>
            803
             ₽
          </b>
        </div>
        <div
          class="cart__item-remove"
          data-testid="clear"
        >
          <div
            class="button button--outline button--circle"
          >
            <svg
              fill="none"
              height="10"
              viewBox="0 0 10 10"
              width="10"
              xmlns="http://www.w3.org/2000/svg"
            >
              <path
                d="M5.92001 3.84V5.76V8.64C5.92001 9.17016 5.49017 9.6 4.96001 9.6C4.42985 9.6 4.00001 9.17016 4.00001 8.64L4 5.76L4.00001 3.84V0.96C4.00001 0.42984 4.42985 0 4.96001 0C5.49017 0 5.92001 0.42984 5.92001 0.96V3.84Z"
                fill="#EB5A1E"
              />
              <path
                d="M5.75998 5.92001L3.83998 5.92001L0.959977 5.92001C0.429817 5.92001 -2.29533e-05 5.49017 -2.29301e-05 4.96001C-2.2907e-05 4.42985 0.429817 4.00001 0.959977 4.00001L3.83998 4L5.75998 4.00001L8.63998 4.00001C9.17014 4.00001 9.59998 4.42985 9.59998 4.96001C9.59998 5.49017 9.17014 5.92001 8.63998 5.92001L5.75998 5.92001Z"
                fill="#EB5A1E"
              />
            </svg>
          </div>
        </div>
      </div>
    </div>
  </body>,
  "container": <div>
    <div
      class="cart__item"
    >
      <div
        class="cart__item-img"
      >
        <img
          alt="Pizza"
          class="pizza-block__image"
          loading="lazy"
          src="https://media.dodostatic.net/image/r:584x584/11EE7D6130241E75B0AB33725248C0D0.avif"
        />
      </div>
      <div
        class="cart__item-info"
      >
        <h3>
          Пепперони Фреш с перцем
        </h3>
        <p>
          тонкое тесто, 26 см.
        </p>
      </div>
      <div
        class="cart__item-count"
      >
        <div
          class="button button--outline button--circle cart__item-count-minus"
          data-testid="remove"
        >
          <svg
            fill="none"
            height="10"
            viewBox="0 0 10 10"
            width="10"
            xmlns="http://www.w3.org/2000/svg"
          >
            <path
              d="M5.92001 3.84V5.76V8.64C5.92001 9.17016 5.49017 9.6 4.96001 9.6C4.42985 9.6 4.00001 9.17016 4.00001 8.64L4 5.76L4.00001 3.84V0.96C4.00001 0.42984 4.42985 0 4.96001 0C5.49017 0 5.92001 0.42984 5.92001 0.96V3.84Z"
              fill="#EB5A1E"
            />
            <path
              d="M5.75998 5.92001L3.83998 5.92001L0.959977 5.92001C0.429817 5.92001 -2.29533e-05 5.49017 -2.29301e-05 4.96001C-2.2907e-05 4.42985 0.429817 4.00001 0.959977 4.00001L3.83998 4L5.75998 4.00001L8.63998 4.00001C9.17014 4.00001 9.59998 4.42985 9.59998 4.96001C9.59998 5.49017 9.17014 5.92001 8.63998 5.92001L5.75998 5.92001Z"
              fill="#EB5A1E"
            />
          </svg>
        </div>
        <b>
          1
        </b>
        <div
          class="button button--outline button--circle cart__item-count-plus"
          data-testid="add"
        >
          <svg
            fill="none"
            height="10"
            viewBox="0 0 10 10"
            width="10"
            xmlns="http://www.w3.org/2000/svg"
          >
            <path
              d="M5.92001 3.84V5.76V8.64C5.92001 9.17016 5.49017 9.6 4.96001 9.6C4.42985 9.6 4.00001 9.17016 4.00001 8.64L4 5.76L4.00001 3.84V0.96C4.00001 0.42984 4.42985 0 4.96001 0C5.49017 0 5.92001 0.42984 5.92001 0.96V3.84Z"
              fill="#EB5A1E"
            />
            <path
              d="M5.75998 5.92001L3.83998 5.92001L0.959977 5.92001C0.429817 5.92001 -2.29533e-05 5.49017 -2.29301e-05 4.96001C-2.2907e-05 4.42985 0.429817 4.00001 0.959977 4.00001L3.83998 4L5.75998 4.00001L8.63998 4.00001C9.17014 4.00001 9.59998 4.42985 9.59998 4.96001C9.59998 5.49017 9.17014 5.92001 8.63998 5.92001L5.75998 5.92001Z"
              fill="#EB5A1E"
            />
          </svg>
        </div>
      </div>
      <div
        class="cart__item-price"
      >
        <b>
          803
           ₽
        </b>
      </div>
      <div
        class="cart__item-remove"
        data-testid="clear"
      >
        <div
          class="button button--outline button--circle"
        >
          <svg
            fill="none"
            height="10"
            viewBox="0 0 10 10"
            width="10"
            xmlns="http://www.w3.org/2000/svg"
          >
            <path
              d="M5.92001 3.84V5.76V8.64C5.92001 9.17016 5.49017 9.6 4.96001 9.6C4.42985 9.6 4.00001 9.17016 4.00001 8.64L4 5.76L4.00001 3.84V0.96C4.00001 0.42984 4.42985 0 4.96001 0C5.49017 0 5.92001 0.42984 5.92001 0.96V3.84Z"
              fill="#EB5A1E"
            />
            <path
              d="M5.75998 5.92001L3.83998 5.92001L0.959977 5.92001C0.429817 5.92001 -2.29533e-05 5.49017 -2.29301e-05 4.96001C-2.2907e-05 4.42985 0.429817 4.00001 0.959977 4.00001L3.83998 4L5.75998 4.00001L8.63998 4.00001C9.17014 4.00001 9.59998 4.42985 9.59998 4.96001C9.59998 5.49017 9.17014 5.92001 8.63998 5.92001L5.75998 5.92001Z"
              fill="#EB5A1E"
            />
          </svg>
        </div>
      </div>
    </div>
  </div>,
  "debug": [Function],
  "findAllByAltText": [Function],
  "findAllByDisplayValue": [Function],
  "findAllByLabelText": [Function],
  "findAllByPlaceholderText": [Function],
  "findAllByRole": [Function],
  "findAllByTestId": [Function],
  "findAllByText": [Function],
  "findAllByTitle": [Function],
  "findByAltText": [Function],
  "findByDisplayValue": [Function],
  "findByLabelText": [Function],
  "findByPlaceholderText": [Function],
  "findByRole": [Function],
  "findByTestId": [Function],
  "findByText": [Function],
  "findByTitle": [Function],
  "getAllByAltText": [Function],
  "getAllByDisplayValue": [Function],
  "getAllByLabelText": [Function],
  "getAllByPlaceholderText": [Function],
  "getAllByRole": [Function],
  "getAllByTestId": [Function],
  "getAllByText": [Function],
  "getAllByTitle": [Function],
  "getByAltText": [Function],
  "getByDisplayValue": [Function],
  "getByLabelText": [Function],
  "getByPlaceholderText": [Function],
  "getByRole": [Function],
  "getByTestId": [Function],
  "getByText": [Function],
  "getByTitle": [Function],
  "queryAllByAltText": [Function],
  "queryAllByDisplayValue": [Function],
  "queryAllByLabelText": [Function],
  "queryAllByPlaceholderText": [Function],
  "queryAllByRole": [Function],
  "queryAllByTestId": [Function],
  "queryAllByText": [Function],
  "queryAllByTitle": [Function],
  "queryByAltText": [Function],
  "queryByDisplayValue": [Function],
  "queryByLabelText": [Function],
  "queryByPlaceholderText": [Function],
  "queryByRole": [Function],
  "queryByTestId": [Function],
  "queryByText": [Function],
  "queryByTitle": [Function],
  "rerender": [Function],
  "unmount": [Function],
}
`;
